// Jest Snapshot v1, https://goo.gl/fbAQLP

exports[`Header 1`] = `
NodeList [
  <h3
    class="font-bold my-5 py-1 text-xl text-lime-500"
    id="bonjour"
  >
    <a
      href="#bonjour"
    >
      Bonjour
    </a>
  </h3>,
]
`;
