// Jest Snapshot v1, https://goo.gl/fbAQLP

exports[`OtherTimers 1`] = `
NodeList [
  <div>
    <h3
      class="font-bold my-5 text-xl text-lime-500"
    >
      Other Timers
    </h3>
    <div />
  </div>,
]
`;
